// Jest Snapshot v1, https://goo.gl/fbAQLP

exports[`TodoList matches snapshot 1`] = `
Object {
  "asFragment": [Function],
  "baseElement": <body>
    <div>
      <div
        class="todos"
      >
        <ul
          class="todo-list"
        >
          <li
            class="todo-item "
          >
            <input
              class="todo-item-checkbox"
              type="checkbox"
            />
            <span
              class="todo-item-text"
            >
              Task 1
            </span>
            <button
              class="no-style-btn delete-btn"
              type="button"
            >
              <svg>
                cross.svg
              </svg>
            </button>
          </li>
          <li
            class="todo-item completed"
          >
            <input
              checked=""
              class="todo-item-checkbox"
              type="checkbox"
            />
            <span
              class="todo-item-text"
            >
              Task 2
            </span>
            <button
              class="no-style-btn delete-btn"
              type="button"
            >
              <svg>
                cross.svg
              </svg>
            </button>
          </li>
          <li
            class="todo-item "
          >
            <input
              class="todo-item-checkbox"
              type="checkbox"
            />
            <span
              class="todo-item-text"
            >
              Task 3
            </span>
            <button
              class="no-style-btn delete-btn"
              type="button"
            >
              <svg>
                cross.svg
              </svg>
            </button>
          </li>
        </ul>
      </div>
    </div>
  </body>,
  "container": <div>
    <div
      class="todos"
    >
      <ul
        class="todo-list"
      >
        <li
          class="todo-item "
        >
          <input
            class="todo-item-checkbox"
            type="checkbox"
          />
          <span
            class="todo-item-text"
          >
            Task 1
          </span>
          <button
            class="no-style-btn delete-btn"
            type="button"
          >
            <svg>
              cross.svg
            </svg>
          </button>
        </li>
        <li
          class="todo-item completed"
        >
          <input
            checked=""
            class="todo-item-checkbox"
            type="checkbox"
          />
          <span
            class="todo-item-text"
          >
            Task 2
          </span>
          <button
            class="no-style-btn delete-btn"
            type="button"
          >
            <svg>
              cross.svg
            </svg>
          </button>
        </li>
        <li
          class="todo-item "
        >
          <input
            class="todo-item-checkbox"
            type="checkbox"
          />
          <span
            class="todo-item-text"
          >
            Task 3
          </span>
          <button
            class="no-style-btn delete-btn"
            type="button"
          >
            <svg>
              cross.svg
            </svg>
          </button>
        </li>
      </ul>
    </div>
  </div>,
  "debug": [Function],
  "findAllByAltText": [Function],
  "findAllByDisplayValue": [Function],
  "findAllByLabelText": [Function],
  "findAllByPlaceholderText": [Function],
  "findAllByRole": [Function],
  "findAllByTestId": [Function],
  "findAllByText": [Function],
  "findAllByTitle": [Function],
  "findByAltText": [Function],
  "findByDisplayValue": [Function],
  "findByLabelText": [Function],
  "findByPlaceholderText": [Function],
  "findByRole": [Function],
  "findByTestId": [Function],
  "findByText": [Function],
  "findByTitle": [Function],
  "getAllByAltText": [Function],
  "getAllByDisplayValue": [Function],
  "getAllByLabelText": [Function],
  "getAllByPlaceholderText": [Function],
  "getAllByRole": [Function],
  "getAllByTestId": [Function],
  "getAllByText": [Function],
  "getAllByTitle": [Function],
  "getByAltText": [Function],
  "getByDisplayValue": [Function],
  "getByLabelText": [Function],
  "getByPlaceholderText": [Function],
  "getByRole": [Function],
  "getByTestId": [Function],
  "getByText": [Function],
  "getByTitle": [Function],
  "queryAllByAltText": [Function],
  "queryAllByDisplayValue": [Function],
  "queryAllByLabelText": [Function],
  "queryAllByPlaceholderText": [Function],
  "queryAllByRole": [Function],
  "queryAllByTestId": [Function],
  "queryAllByText": [Function],
  "queryAllByTitle": [Function],
  "queryByAltText": [Function],
  "queryByDisplayValue": [Function],
  "queryByLabelText": [Function],
  "queryByPlaceholderText": [Function],
  "queryByRole": [Function],
  "queryByTestId": [Function],
  "queryByText": [Function],
  "queryByTitle": [Function],
  "rerender": [Function],
  "unmount": [Function],
}
`;
